________________________________________________________________________________________________________

                                                MI PERFIL
________________________________________________________________________________________________________
--FALTA--
* Editar Foto
* Cambiar pass

--ISSUES--
*Editar no te deja editar un solo campo, tiene q ser todos o se pudre
________________________________________________________________________________________________________
